2026-09-30 14:07:49.450 WARNING streamlit.runtime.caching.cache_data_api: No runtime found, using MemoryCacheStorageManager
2026-09-30 14:07:49.450 WARNING streamlit.runtime.caching.cache_data_api: No runtime found, using MemoryCacheStorageManager
2026-09-30 14:07:49.450 WARNING streamlit.runtime.caching.cache_data_api: No runtime found, using MemoryCacheStorageManager
2026-09-30 14:07:49.451 WARNING streamlit.runtime.caching.cache_data_api: No runtime found, using MemoryCacheStorageManager
2026-09-30 14:07:49.451 WARNING streamlit.runtime.caching.cache_data_api: No runtime found, using MemoryCacheStorageManager
2026-09-30 14:07:49.452 WARNING streamlit.runtime.caching.cache_data_api: No runtime found, using MemoryCacheStorageManager
2026-09-30 14:07:49.452 WARNING streamlit.runtime.caching.cache_data_api: No runtime found, using MemoryCacheStorageManager
URLs unicas de replay en el historial: 5959
Ya en cache -> ok: 231, failed: 0
A procesar en esta corrida: 5729
[20/5729] ok=20 failed=0 -- cache guardado
[40/5729] ok=40 failed=0 -- cache guardado
[60/5729] ok=60 failed=0 -- cache guardado
[80/5729] ok=80 failed=0 -- cache guardado
[100/5729] ok=100 failed=0 -- cache guardado
[120/5729] ok=120 failed=0 -- cache guardado
[140/5729] ok=139 failed=1 -- cache guardado
[160/5729] ok=159 failed=1 -- cache guardado
[180/5729] ok=179 failed=1 -- cache guardado
[200/5729] ok=199 failed=1 -- cache guardado
[220/5729] ok=219 failed=1 -- cache guardado
[240/5729] ok=239 failed=1 -- cache guardado
[260/5729] ok=259 failed=1 -- cache guardado
[280/5729] ok=279 failed=1 -- cache guardado
[300/5729] ok=299 failed=1 -- cache guardado
[320/5729] ok=319 failed=1 -- cache guardado
[340/5729] ok=338 failed=2 -- cache guardado
[360/5729] ok=358 failed=2 -- cache guardado
[380/5729] ok=378 failed=2 -- cache guardado
[400/5729] ok=398 failed=2 -- cache guardado
[420/5729] ok=418 failed=2 -- cache guardado
[440/5729] ok=438 failed=2 -- cache guardado
[460/5729] ok=458 failed=2 -- cache guardado
[480/5729] ok=478 failed=2 -- cache guardado
[500/5729] ok=498 failed=2 -- cache guardado
[520/5729] ok=518 failed=2 -- cache guardado
[540/5729] ok=538 failed=2 -- cache guardado
[560/5729] ok=558 failed=2 -- cache guardado
[580/5729] ok=578 failed=2 -- cache guardado
[600/5729] ok=598 failed=2 -- cache guardado
[620/5729] ok=618 failed=2 -- cache guardado
[640/5729] ok=638 failed=2 -- cache guardado
[660/5729] ok=658 failed=2 -- cache guardado
[680/5729] ok=678 failed=2 -- cache guardado
[700/5729] ok=698 failed=2 -- cache guardado
[720/5729] ok=718 failed=2 -- cache guardado
[740/5729] ok=738 failed=2 -- cache guardado
[760/5729] ok=758 failed=2 -- cache guardado
[780/5729] ok=778 failed=2 -- cache guardado
[800/5729] ok=798 failed=2 -- cache guardado
[820/5729] ok=818 failed=2 -- cache guardado
[840/5729] ok=838 failed=2 -- cache guardado
[860/5729] ok=858 failed=2 -- cache guardado
[880/5729] ok=878 failed=2 -- cache guardado
[900/5729] ok=898 failed=2 -- cache guardado
[920/5729] ok=918 failed=2 -- cache guardado
[940/5729] ok=938 failed=2 -- cache guardado
[960/5729] ok=958 failed=2 -- cache guardado
[980/5729] ok=978 failed=2 -- cache guardado
[1000/5729] ok=998 failed=2 -- cache guardado
[1020/5729] ok=1018 failed=2 -- cache guardado
[1040/5729] ok=1038 failed=2 -- cache guardado
[1060/5729] ok=1058 failed=2 -- cache guardado
[1080/5729] ok=1078 failed=2 -- cache guardado
[1100/5729] ok=1098 failed=2 -- cache guardado
[1120/5729] ok=1118 failed=2 -- cache guardado
[1140/5729] ok=1138 failed=2 -- cache guardado
[1160/5729] ok=1158 failed=2 -- cache guardado
[1180/5729] ok=1178 failed=2 -- cache guardado
[1200/5729] ok=1198 failed=2 -- cache guardado
[1220/5729] ok=1218 failed=2 -- cache guardado
[1240/5729] ok=1238 failed=2 -- cache guardado
[1260/5729] ok=1258 failed=2 -- cache guardado
[1280/5729] ok=1278 failed=2 -- cache guardado
[1300/5729] ok=1298 failed=2 -- cache guardado
[1320/5729] ok=1318 failed=2 -- cache guardado
[1340/5729] ok=1338 failed=2 -- cache guardado
[1360/5729] ok=1358 failed=2 -- cache guardado
[1380/5729] ok=1378 failed=2 -- cache guardado
[1400/5729] ok=1398 failed=2 -- cache guardado
[1420/5729] ok=1418 failed=2 -- cache guardado
[1440/5729] ok=1438 failed=2 -- cache guardado
[1460/5729] ok=1458 failed=2 -- cache guardado
[1480/5729] ok=1478 failed=2 -- cache guardado
[1500/5729] ok=1498 failed=2 -- cache guardado
[1520/5729] ok=1516 failed=4 -- cache guardado
[1540/5729] ok=1535 failed=5 -- cache guardado
[1560/5729] ok=1555 failed=5 -- cache guardado
[1580/5729] ok=1575 failed=5 -- cache guardado
[1600/5729] ok=1595 failed=5 -- cache guardado
[1620/5729] ok=1615 failed=5 -- cache guardado
[1640/5729] ok=1635 failed=5 -- cache guardado
[1660/5729] ok=1655 failed=5 -- cache guardado
[1680/5729] ok=1675 failed=5 -- cache guardado
[1700/5729] ok=1695 failed=5 -- cache guardado
[1720/5729] ok=1715 failed=5 -- cache guardado
[1740/5729] ok=1735 failed=5 -- cache guardado
[1760/5729] ok=1754 failed=6 -- cache guardado
[1780/5729] ok=1774 failed=6 -- cache guardado
[1800/5729] ok=1794 failed=6 -- cache guardado
[1820/5729] ok=1813 failed=7 -- cache guardado
[1840/5729] ok=1832 failed=8 -- cache guardado
[1860/5729] ok=1852 failed=8 -- cache guardado
[1880/5729] ok=1872 failed=8 -- cache guardado
[1900/5729] ok=1891 failed=9 -- cache guardado
[1920/5729] ok=1911 failed=9 -- cache guardado
[1940/5729] ok=1931 failed=9 -- cache guardado
[1960/5729] ok=1949 failed=11 -- cache guardado
[1980/5729] ok=1969 failed=11 -- cache guardado
[2000/5729] ok=1989 failed=11 -- cache guardado
[2020/5729] ok=2008 failed=12 -- cache guardado
[2040/5729] ok=2028 failed=12 -- cache guardado
[2060/5729] ok=2048 failed=12 -- cache guardado
[2080/5729] ok=2068 failed=12 -- cache guardado
[2100/5729] ok=2088 failed=12 -- cache guardado
[2120/5729] ok=2108 failed=12 -- cache guardado
[2140/5729] ok=2128 failed=12 -- cache guardado
[2160/5729] ok=2148 failed=12 -- cache guardado
[2180/5729] ok=2168 failed=12 -- cache guardado
[2200/5729] ok=2188 failed=12 -- cache guardado
[2220/5729] ok=2208 failed=12 -- cache guardado
[2240/5729] ok=2228 failed=12 -- cache guardado
[2260/5729] ok=2248 failed=12 -- cache guardado
[2280/5729] ok=2268 failed=12 -- cache guardado
[2300/5729] ok=2288 failed=12 -- cache guardado
[2320/5729] ok=2308 failed=12 -- cache guardado
[2340/5729] ok=2328 failed=12 -- cache guardado
[2360/5729] ok=2348 failed=12 -- cache guardado
[2380/5729] ok=2368 failed=12 -- cache guardado
[2400/5729] ok=2388 failed=12 -- cache guardado
[2420/5729] ok=2408 failed=12 -- cache guardado
[2440/5729] ok=2428 failed=12 -- cache guardado
[2460/5729] ok=2448 failed=12 -- cache guardado
[2480/5729] ok=2468 failed=12 -- cache guardado
[2500/5729] ok=2488 failed=12 -- cache guardado
[2520/5729] ok=2508 failed=12 -- cache guardado
[2540/5729] ok=2528 failed=12 -- cache guardado
[2560/5729] ok=2548 failed=12 -- cache guardado
[2580/5729] ok=2568 failed=12 -- cache guardado
[2600/5729] ok=2588 failed=12 -- cache guardado
[2620/5729] ok=2608 failed=12 -- cache guardado
[2640/5729] ok=2628 failed=12 -- cache guardado
[2660/5729] ok=2648 failed=12 -- cache guardado
[2680/5729] ok=2668 failed=12 -- cache guardado
[2700/5729] ok=2688 failed=12 -- cache guardado
[2720/5729] ok=2708 failed=12 -- cache guardado
[2740/5729] ok=2728 failed=12 -- cache guardado
[2760/5729] ok=2748 failed=12 -- cache guardado
[2780/5729] ok=2768 failed=12 -- cache guardado
[2800/5729] ok=2788 failed=12 -- cache guardado
[2820/5729] ok=2808 failed=12 -- cache guardado
[2840/5729] ok=2828 failed=12 -- cache guardado
[2860/5729] ok=2848 failed=12 -- cache guardado
[2880/5729] ok=2868 failed=12 -- cache guardado
[2900/5729] ok=2888 failed=12 -- cache guardado
[2920/5729] ok=2908 failed=12 -- cache guardado
[2940/5729] ok=2928 failed=12 -- cache guardado
[2960/5729] ok=2948 failed=12 -- cache guardado
[2980/5729] ok=2968 failed=12 -- cache guardado
[3000/5729] ok=2988 failed=12 -- cache guardado
[3020/5729] ok=3008 failed=12 -- cache guardado
[3040/5729] ok=3027 failed=13 -- cache guardado
[3060/5729] ok=3047 failed=13 -- cache guardado
[3080/5729] ok=3067 failed=13 -- cache guardado
[3100/5729] ok=3087 failed=13 -- cache guardado
[3120/5729] ok=3107 failed=13 -- cache guardado
[3140/5729] ok=3127 failed=13 -- cache guardado
[3160/5729] ok=3147 failed=13 -- cache guardado
[3180/5729] ok=3167 failed=13 -- cache guardado
[3200/5729] ok=3187 failed=13 -- cache guardado
[3220/5729] ok=3207 failed=13 -- cache guardado
[3240/5729] ok=3226 failed=14 -- cache guardado
[3260/5729] ok=3246 failed=14 -- cache guardado
[3280/5729] ok=3265 failed=15 -- cache guardado
[3300/5729] ok=3285 failed=15 -- cache guardado
[3320/5729] ok=3305 failed=15 -- cache guardado
[3340/5729] ok=3325 failed=15 -- cache guardado
[3360/5729] ok=3345 failed=15 -- cache guardado
[3380/5729] ok=3365 failed=15 -- cache guardado
[3400/5729] ok=3385 failed=15 -- cache guardado
[3420/5729] ok=3405 failed=15 -- cache guardado
[3440/5729] ok=3425 failed=15 -- cache guardado
[3460/5729] ok=3444 failed=16 -- cache guardado
[3480/5729] ok=3464 failed=16 -- cache guardado
[3500/5729] ok=3484 failed=16 -- cache guardado
[3520/5729] ok=3504 failed=16 -- cache guardado
[3540/5729] ok=3524 failed=16 -- cache guardado
[3560/5729] ok=3544 failed=16 -- cache guardado
[3580/5729] ok=3564 failed=16 -- cache guardado
[3600/5729] ok=3584 failed=16 -- cache guardado
[3620/5729] ok=3604 failed=16 -- cache guardado
[3640/5729] ok=3624 failed=16 -- cache guardado
[3660/5729] ok=3644 failed=16 -- cache guardado
[3680/5729] ok=3664 failed=16 -- cache guardado
[3700/5729] ok=3684 failed=16 -- cache guardado
[3720/5729] ok=3704 failed=16 -- cache guardado
[3740/5729] ok=3724 failed=16 -- cache guardado
[3760/5729] ok=3744 failed=16 -- cache guardado
[3780/5729] ok=3764 failed=16 -- cache guardado
[3800/5729] ok=3784 failed=16 -- cache guardado
[3820/5729] ok=3804 failed=16 -- cache guardado
[3840/5729] ok=3823 failed=17 -- cache guardado
[3860/5729] ok=3843 failed=17 -- cache guardado
[3880/5729] ok=3863 failed=17 -- cache guardado
[3900/5729] ok=3883 failed=17 -- cache guardado
[3920/5729] ok=3903 failed=17 -- cache guardado
[3940/5729] ok=3923 failed=17 -- cache guardado
[3960/5729] ok=3943 failed=17 -- cache guardado
[3980/5729] ok=3963 failed=17 -- cache guardado
[4000/5729] ok=3983 failed=17 -- cache guardado
[4020/5729] ok=4003 failed=17 -- cache guardado
[4040/5729] ok=4023 failed=17 -- cache guardado
[4060/5729] ok=4043 failed=17 -- cache guardado
[4080/5729] ok=4063 failed=17 -- cache guardado
[4100/5729] ok=4083 failed=17 -- cache guardado
[4120/5729] ok=4103 failed=17 -- cache guardado
[4140/5729] ok=4123 failed=17 -- cache guardado
[4160/5729] ok=4143 failed=17 -- cache guardado
[4180/5729] ok=4163 failed=17 -- cache guardado
[4200/5729] ok=4183 failed=17 -- cache guardado
[4220/5729] ok=4203 failed=17 -- cache guardado
[4240/5729] ok=4223 failed=17 -- cache guardado
[4260/5729] ok=4243 failed=17 -- cache guardado
[4280/5729] ok=4263 failed=17 -- cache guardado
[4300/5729] ok=4283 failed=17 -- cache guardado
[4320/5729] ok=4303 failed=17 -- cache guardado
[4340/5729] ok=4323 failed=17 -- cache guardado
[4360/5729] ok=4343 failed=17 -- cache guardado
[4380/5729] ok=4363 failed=17 -- cache guardado
[4400/5729] ok=4383 failed=17 -- cache guardado
[4420/5729] ok=4403 failed=17 -- cache guardado
[4440/5729] ok=4423 failed=17 -- cache guardado
[4460/5729] ok=4443 failed=17 -- cache guardado
[4480/5729] ok=4463 failed=17 -- cache guardado
[4500/5729] ok=4483 failed=17 -- cache guardado
[4520/5729] ok=4503 failed=17 -- cache guardado
[4540/5729] ok=4522 failed=18 -- cache guardado
[4560/5729] ok=4542 failed=18 -- cache guardado
[4580/5729] ok=4562 failed=18 -- cache guardado
[4600/5729] ok=4582 failed=18 -- cache guardado
[4620/5729] ok=4602 failed=18 -- cache guardado
[4640/5729] ok=4622 failed=18 -- cache guardado
[4660/5729] ok=4642 failed=18 -- cache guardado
[4680/5729] ok=4662 failed=18 -- cache guardado
[4700/5729] ok=4682 failed=18 -- cache guardado
[4720/5729] ok=4702 failed=18 -- cache guardado
[4740/5729] ok=4722 failed=18 -- cache guardado
[4760/5729] ok=4742 failed=18 -- cache guardado
[4780/5729] ok=4762 failed=18 -- cache guardado
[4800/5729] ok=4782 failed=18 -- cache guardado
[4820/5729] ok=4802 failed=18 -- cache guardado
[4840/5729] ok=4822 failed=18 -- cache guardado
[4860/5729] ok=4842 failed=18 -- cache guardado
[4880/5729] ok=4862 failed=18 -- cache guardado
[4900/5729] ok=4882 failed=18 -- cache guardado
[4920/5729] ok=4902 failed=18 -- cache guardado
[4940/5729] ok=4922 failed=18 -- cache guardado
[4960/5729] ok=4942 failed=18 -- cache guardado
[4980/5729] ok=4962 failed=18 -- cache guardado
[5000/5729] ok=4982 failed=18 -- cache guardado
[5020/5729] ok=5002 failed=18 -- cache guardado
[5040/5729] ok=5022 failed=18 -- cache guardado
[5060/5729] ok=5042 failed=18 -- cache guardado
[5080/5729] ok=5062 failed=18 -- cache guardado
[5100/5729] ok=5082 failed=18 -- cache guardado
[5120/5729] ok=5102 failed=18 -- cache guardado
[5140/5729] ok=5122 failed=18 -- cache guardado
[5160/5729] ok=5142 failed=18 -- cache guardado
[5180/5729] ok=5162 failed=18 -- cache guardado
[5200/5729] ok=5182 failed=18 -- cache guardado
[5220/5729] ok=5202 failed=18 -- cache guardado
[5240/5729] ok=5222 failed=18 -- cache guardado
[5260/5729] ok=5242 failed=18 -- cache guardado
[5280/5729] ok=5262 failed=18 -- cache guardado
[5300/5729] ok=5282 failed=18 -- cache guardado
[5320/5729] ok=5302 failed=18 -- cache guardado
[5340/5729] ok=5322 failed=18 -- cache guardado
[5360/5729] ok=5342 failed=18 -- cache guardado
[5380/5729] ok=5362 failed=18 -- cache guardado
[5400/5729] ok=5382 failed=18 -- cache guardado
[5420/5729] ok=5402 failed=18 -- cache guardado
[5440/5729] ok=5422 failed=18 -- cache guardado
[5460/5729] ok=5442 failed=18 -- cache guardado
[5480/5729] ok=5462 failed=18 -- cache guardado
[5500/5729] ok=5482 failed=18 -- cache guardado
[5520/5729] ok=5502 failed=18 -- cache guardado
[5540/5729] ok=5522 failed=18 -- cache guardado
[5560/5729] ok=5542 failed=18 -- cache guardado
[5580/5729] ok=5562 failed=18 -- cache guardado
[5600/5729] ok=5582 failed=18 -- cache guardado
[5620/5729] ok=5602 failed=18 -- cache guardado
[5640/5729] ok=5622 failed=18 -- cache guardado
[5660/5729] ok=5642 failed=18 -- cache guardado
[5680/5729] ok=5662 failed=18 -- cache guardado
[5700/5729] ok=5682 failed=18 -- cache guardado
[5720/5729] ok=5702 failed=18 -- cache guardado
[5729/5729] ok=5711 failed=18 -- cache guardado

Listo. Nuevos ok: 5711, nuevos failed: 18
Cache actualizado en: D:\power bi\webhook\Produccion\data\replay_cache.csv
